C:\Users\agara\miniconda3\envs\meta\Lib\site-packages\pydantic\plugin\_schema_validator.py:39: UserWarning: ImportError while loading the `logfire-plugin` Pydantic plugin, this plugin will not be installed.

ImportError("cannot import name 'ReadableLogRecord' from 'opentelemetry.sdk._logs' (C:\\Users\\agara\\miniconda3\\envs\\meta\\Lib\\site-packages\\opentelemetry\\sdk\\_logs\\__init__.py)")
  plugins = get_plugins()
C:\Users\agara\miniconda3\envs\meta\Lib\site-packages\websockets\legacy\__init__.py:6: DeprecationWarning: websockets.legacy is deprecated; see https://websockets.readthedocs.io/en/stable/howto/upgrade.html for upgrade instructions
  warnings.warn(  # deprecated in 14.0 - 2024-11-09
C:\Users\agara\miniconda3\envs\meta\Lib\site-packages\uvicorn\protocols\websockets\websockets_impl.py:17: DeprecationWarning: websockets.server.WebSocketServerProtocol is deprecated
  from websockets.server import WebSocketServerProtocol
2026-04-06T16:12:39.526248Z [info     ] Successfully created/verified table 'application_logs' in PostgreSQL [root] dd.span_id=0 dd.trace_id=0
2026-04-06T16:12:39.539342Z [info     ] PostgreSQL logging handler enabled [root] dd.span_id=0 dd.trace_id=0
2026-04-06T16:12:39.544912Z [info     ] Pre-initializing shared database engine... [api.main] dd.span_id=0 dd.trace_id=0
2026-04-06T16:12:39.547910Z [info     ] Creating database tables...    [api.main] dd.span_id=0 dd.trace_id=0
2026-04-06T16:12:39.549909Z [info     ] Database tables created successfully [api.main] dd.span_id=0 dd.trace_id=0
2026-04-06T16:12:39.551434Z [info     ] Shared database engine ready for parallel requests [api.main] dd.span_id=0 dd.trace_id=0
2026-04-06T16:12:39.554089Z [info     ] Starting gRPC server on port 50051... [api.main] dd.span_id=0 dd.trace_id=0
2026-04-06T16:12:39.557718Z [info     ] [gRPC] Initializing gRPC server on 0.0.0.0:50051 [src.grpc_server.server] dd.span_id=0 dd.trace_id=0
2026-04-06T16:12:39.563058Z [info     ] Initializing AgentTeamService singleton [api.dependencies] dd.span_id=0 dd.trace_id=0
2026-04-06T16:12:39.565819Z [info     ] [gRPC] Agent team service initialized successfully [src.grpc_server.server] dd.span_id=0 dd.trace_id=0
2026-04-06T16:12:39.567818Z [info     ] [gRPC] ChatbotServicer initialized (V2 only) [src.grpc_server.chatbot_servicer] dd.span_id=0 dd.trace_id=0
2026-04-06T16:12:39.573386Z [info     ] [gRPC] ChatbotServicer registered [src.grpc_server.server] dd.span_id=0 dd.trace_id=0
2026-04-06T16:12:39.576393Z [warning  ] [gRPC] Server running in INSECURE mode on 0.0.0.0:50051. For production, use add_secure_port() with SSL certificates. [src.grpc_server.server] dd.span_id=0 dd.trace_id=0
2026-04-06T16:12:39.578401Z [info     ] \u2705 [gRPC] V2 Server started successfully on 0.0.0.0:50051 [src.grpc_server.server] dd.span_id=0 dd.trace_id=0
2026-04-06T16:12:39.580898Z [info     ] [gRPC] Available services:     [src.grpc_server.server] dd.span_id=0 dd.trace_id=0
2026-04-06T16:12:39.582931Z [info     ]   - chatbot.ChatbotService/RunAgentTeam (V2 streaming) [src.grpc_server.server] dd.span_id=0 dd.trace_id=0
2026-04-06T16:12:39.584928Z [info     ]   - chatbot.ChatbotService/GenerateConversationName (V2 unary) [src.grpc_server.server] dd.span_id=0 dd.trace_id=0
2026-04-06T16:12:39.586929Z [info     ]   - chatbot.ChatbotService/RunPlaybookWorkflow (unary) [src.grpc_server.server] dd.span_id=0 dd.trace_id=0
2026-04-06T16:12:39.591528Z [info     ]   - chatbot.ChatbotService/ResumePlaybookWorkflow (unary) [src.grpc_server.server] dd.span_id=0 dd.trace_id=0
2026-04-06T16:12:39.594079Z [info     ]   - chatbot.ChatbotService/RunStep (unary) [src.grpc_server.server] dd.span_id=0 dd.trace_id=0
2026-04-06T16:12:40.050565Z [info     ] \u2705 gRPC server task started (running in background) [api.main] dd.span_id=0 dd.trace_id=0
2026-04-06T16:12:40.061961Z [info     ] Application startup complete.  [uvicorn.error] dd.span_id=0 dd.trace_id=0
2026-04-06T16:12:40.065291Z [info     ] Uvicorn running on http://0.0.0.0:8001 (Press CTRL+C to quit) [uvicorn.error] dd.span_id=0 dd.trace_id=0
2026-04-06T16:15:43.941112Z